Starting a Gradle Daemon (subsequent builds will be faster)
> Task :app:checkKotlinGradlePluginConfigurationErrors SKIPPED
> Task :app:preBuild UP-TO-DATE
> Task :app:preDebugBuild UP-TO-DATE
> Task :app:generateDebugBuildConfig
> Task :app:generateDebugResValues
> Task :app:checkDebugAarMetadata
> Task :app:mapDebugSourceSetPaths
> Task :app:generateDebugResources
> Task :app:packageDebugResources
> Task :app:mergeDebugResources
> Task :app:createDebugCompatibleScreenManifests
> Task :app:extractDeepLinksDebug
> Task :app:parseDebugLocalResources
> Task :app:processDebugMainManifest
> Task :app:processDebugManifest
> Task :app:processDebugManifestForPackage
> Task :app:javaPreCompileDebug
> Task :app:preDebugUnitTestBuild UP-TO-DATE
> Task :app:javaPreCompileDebugUnitTest
> Task :app:mergeDebugNativeDebugMetadata NO-SOURCE
> Task :app:mergeDebugShaders
> Task :app:compileDebugShaders NO-SOURCE
> Task :app:generateDebugAssets UP-TO-DATE
> Task :app:mergeDebugAssets
> Task :app:compressDebugAssets
> Task :app:desugarDebugFileDependencies
> Task :app:checkDebugDuplicateClasses
> Task :app:processDebugResources
> Task :app:mergeDebugJniLibFolders
> Task :app:mergeLibDexDebug
> Task :app:validateSigningDebug
> Task :app:writeDebugAppMetadata
> Task :app:writeDebugSigningConfigVersions
> Task :app:mergeDebugNativeLibs

> Task :app:stripDebugDebugSymbols
Unable to strip the following libraries, packaging them as they are: libandroidx.graphics.path.so, libdatastore_shared_counter.so, libstockfish.so.

> Task :app:mergeExtDexDebug
> Task :app:kspDebugKotlin
> Task :app:compileDebugKotlin
> Task :app:compileDebugJavaWithJavac
> Task :app:processDebugJavaRes
> Task :app:bundleDebugClassesToRuntimeJar
> Task :app:bundleDebugClassesToCompileJar
> Task :app:dexBuilderDebug
> Task :app:mergeDebugGlobalSynthetics
> Task :app:mergeProjectDexDebug
> Task :app:kspDebugUnitTestKotlin
> Task :app:mergeDebugJavaResource
> Task :app:compileDebugUnitTestKotlin
> Task :app:compileDebugUnitTestJavaWithJavac NO-SOURCE
> Task :app:processDebugUnitTestJavaRes
> Task :app:testDebugUnitTest
> Task :app:packageDebug
> Task :app:createDebugApkListingFileRedirect
> Task :app:assembleDebug
gradle/actions: Writing build results to /home/runner/work/_temp/.gradle-actions/build-results/__run_2-1784523323602.json

BUILD SUCCESSFUL in 58s
45 actionable tasks: 45 executed
> Task :app:checkKotlinGradlePluginConfigurationErrors SKIPPED
> Task :app:preBuild UP-TO-DATE
> Task :app:preDebugBuild UP-TO-DATE
> Task :app:generateDebugBuildConfig UP-TO-DATE
> Task :app:checkDebugAarMetadata UP-TO-DATE
> Task :app:generateDebugResValues UP-TO-DATE
> Task :app:mapDebugSourceSetPaths UP-TO-DATE
> Task :app:generateDebugResources UP-TO-DATE
> Task :app:mergeDebugResources UP-TO-DATE
> Task :app:packageDebugResources UP-TO-DATE
> Task :app:parseDebugLocalResources UP-TO-DATE
> Task :app:createDebugCompatibleScreenManifests UP-TO-DATE
> Task :app:extractDeepLinksDebug UP-TO-DATE
> Task :app:processDebugMainManifest UP-TO-DATE
> Task :app:processDebugManifest UP-TO-DATE
> Task :app:processDebugManifestForPackage UP-TO-DATE
> Task :app:processDebugResources UP-TO-DATE
> Task :app:kspDebugKotlin UP-TO-DATE
> Task :app:compileDebugKotlin UP-TO-DATE
> Task :app:javaPreCompileDebug UP-TO-DATE
> Task :app:compileDebugJavaWithJavac UP-TO-DATE
> Task :app:bundleDebugClassesToCompileJar UP-TO-DATE
> Task :app:preDebugAndroidTestBuild SKIPPED
> Task :app:generateDebugAndroidTestResValues
> Task :app:generateDebugAndroidTestLintModel
> Task :app:extractProguardFiles
> Task :app:generateDebugLintReportModel
> Task :app:preDebugUnitTestBuild UP-TO-DATE
> Task :app:generateDebugUnitTestLintModel
> Task :app:lintAnalyzeDebugUnitTest
> Task :app:lintAnalyzeDebugAndroidTest
> Task :app:lintAnalyzeDebug

> Task :app:lintReportDebug
Wrote HTML report to file:///home/runner/work/emersion-chess/emersion-chess/app/build/reports/lint-results-debug.html

> Task :app:lintDebug
gradle/actions: Writing build results to /home/runner/work/_temp/.gradle-actions/build-results/__run_3-1784523379588.json

BUILD SUCCESSFUL in 40s
29 actionable tasks: 10 executed, 19 up-to-date
===== LINT SUMMARY =====
/home/runner/work/emersion-chess/emersion-chess/app/build.gradle.kts:51: Warning: Not targeting the latest versions of Android; compatibility modes apply. Consider testing and updating this version. Consult the android.os.Build.VERSION_CODES javadoc for details. [OldTargetApi]
/home/runner/work/emersion-chess/emersion-chess/app/src/main/res/xml/shortcuts.xml:3: Warning: Attribute shortcutId is only used in API level 25 and higher (current min is 24) [UnusedAttribute]
/home/runner/work/emersion-chess/emersion-chess/app/src/main/res/xml/shortcuts.xml:5: Warning: Attribute shortcutShortLabel is only used in API level 25 and higher (current min is 24) [UnusedAttribute]
/home/runner/work/emersion-chess/emersion-chess/app/src/main/res/xml/shortcuts.xml:12: Warning: Attribute shortcutId is only used in API level 25 and higher (current min is 24) [UnusedAttribute]
/home/runner/work/emersion-chess/emersion-chess/app/src/main/res/xml/shortcuts.xml:14: Warning: Attribute shortcutShortLabel is only used in API level 25 and higher (current min is 24) [UnusedAttribute]
/home/runner/work/emersion-chess/emersion-chess/app/build.gradle.kts:95: Warning: A newer version of androidx.activity:activity-compose than 1.9.2 is available: 1.13.0 [GradleDependency]
/home/runner/work/emersion-chess/emersion-chess/app/build.gradle.kts:96: Warning: A newer version of androidx.lifecycle:lifecycle-viewmodel-compose than 2.8.6 is available: 2.11.0 [GradleDependency]
/home/runner/work/emersion-chess/emersion-chess/app/build.gradle.kts:97: Warning: A newer version of androidx.lifecycle:lifecycle-runtime-compose than 2.8.6 is available: 2.11.0 [GradleDependency]
/home/runner/work/emersion-chess/emersion-chess/app/build.gradle.kts:101: Warning: A newer version of androidx.room:room-runtime than 2.6.1 is available: 2.8.4 [GradleDependency]
/home/runner/work/emersion-chess/emersion-chess/app/build.gradle.kts:102: Warning: A newer version of androidx.room:room-ktx than 2.6.1 is available: 2.8.4 [GradleDependency]
/home/runner/work/emersion-chess/emersion-chess/app/build.gradle.kts:103: Warning: A newer version of androidx.room:room-compiler than 2.6.1 is available: 2.8.4 [GradleDependency]
/home/runner/work/emersion-chess/emersion-chess/app/build.gradle.kts:104: Warning: A newer version of androidx.datastore:datastore-preferences than 1.1.1 is available: 1.2.1 [GradleDependency]
/home/runner/work/emersion-chess/emersion-chess/app/build.gradle.kts:108: Warning: A newer version of androidx.test.ext:junit than 1.2.1 is available: 1.3.0 [GradleDependency]
/home/runner/work/emersion-chess/emersion-chess/app/build.gradle.kts:109: Warning: A newer version of androidx.test:runner than 1.6.2 is available: 1.7.0 [GradleDependency]
/home/runner/work/emersion-chess/emersion-chess/app/src/main/AndroidManifest.xml:16: Warning: The attribute android:allowBackup is deprecated from Android 12 and higher and may be removed in future versions. Consider adding the attribute android:dataExtractionRules specifying an @xml resource which configures cloud backups and device transfers on Android 12 and higher. [DataExtractionRules]
/home/runner/work/emersion-chess/emersion-chess/app/src/main/res/values/ic_launcher_background.xml:3: Warning: The resource R.color.ic_launcher_background appears to be unused [UnusedResources]
/home/runner/work/emersion-chess/emersion-chess/app/src/main/res/mipmap-hdpi/ic_launcher_foreground.png: Warning: The resource R.mipmap.ic_launcher_foreground appears to be unused [UnusedResources]
/home/runner/work/emersion-chess/emersion-chess/app/src/main/res/mipmap-hdpi/ic_launcher_bg.png: Warning: Launcher icons should not fill every pixel of their square region; see the design guide for details [IconLauncherShape]
/home/runner/work/emersion-chess/emersion-chess/app/src/main/res/mipmap-mdpi/ic_launcher_bg.png: Warning: Launcher icons should not fill every pixel of their square region; see the design guide for details [IconLauncherShape]
/home/runner/work/emersion-chess/emersion-chess/app/src/main/res/mipmap-xhdpi/ic_launcher_bg.png: Warning: Launcher icons should not fill every pixel of their square region; see the design guide for details [IconLauncherShape]
/home/runner/work/emersion-chess/emersion-chess/app/src/main/res/mipmap-xxhdpi/ic_launcher_bg.png: Warning: Launcher icons should not fill every pixel of their square region; see the design guide for details [IconLauncherShape]
/home/runner/work/emersion-chess/emersion-chess/app/src/main/res/mipmap-xxxhdpi/ic_launcher_bg.png: Warning: Launcher icons should not fill every pixel of their square region; see the design guide for details [IconLauncherShape]
keystore materialized — release will be PLAY-SIGNED
ONLINE DEFAULTS: baked (emersion-chess-online) — store users get zero-setup multiplayer
KEYSTORE VERIFY: OK (store password + alias match)
KEY-PASSWORD VERIFY: OK (equals store password — PKCS12)
> Task :app:preBuild UP-TO-DATE
> Task :app:preReleaseBuild UP-TO-DATE
> Task :app:generateReleaseFeatureMetadata
> Task :app:buildKotlinToolingMetadata
> Task :app:checkKotlinGradlePluginConfigurationErrors SKIPPED
> Task :app:generateReleaseBuildConfig
> Task :app:checkReleaseDuplicateClasses
> Task :app:generateReleaseResValues
> Task :app:checkReleaseAarMetadata
> Task :app:mapReleaseSourceSetPaths
> Task :app:generateReleaseResources
> Task :app:packageReleaseResources
> Task :app:parseReleaseLocalResources
> Task :app:createReleaseCompatibleScreenManifests
> Task :app:extractDeepLinksRelease
> Task :app:processReleaseMainManifest
> Task :app:processReleaseManifest
> Task :app:processReleaseManifestForPackage
> Task :app:javaPreCompileRelease
> Task :app:extractProguardFiles UP-TO-DATE
> Task :app:mergeReleaseStartupProfile
> Task :app:processApplicationManifestReleaseForBundle
> Task :app:mergeReleaseArtProfile
> Task :app:extractReleaseVersionControlInfo
> Task :app:mergeReleaseShaders
> Task :app:compileReleaseShaders NO-SOURCE
> Task :app:generateReleaseAssets UP-TO-DATE
> Task :app:mergeReleaseAssets
> Task :app:mergeReleaseResources
> Task :app:mergeReleaseJniLibFolders
> Task :app:writeReleaseAppMetadata
> Task :app:collectReleaseDependencies
> Task :app:configureReleaseDependencies
> Task :app:validateSigningRelease
> Task :app:parseReleaseIntegrityConfig
> Task :app:compressReleaseAssets
> Task :app:sdkReleaseDependencyData
> Task :app:writeReleaseSigningConfigVersions
> Task :app:processReleaseResources
> Task :app:mergeReleaseNativeLibs

> Task :app:stripReleaseDebugSymbols
Unable to strip the following libraries, packaging them as they are: libandroidx.graphics.path.so, libdatastore_shared_counter.so, libstockfish.so.

> Task :app:bundleReleaseResources
> Task :app:extractReleaseNativeSymbolTables
> Task :app:mergeReleaseNativeDebugMetadata NO-SOURCE
> Task :app:kspReleaseKotlin
> Task :app:compileReleaseKotlin
> Task :app:compileReleaseJavaWithJavac
> Task :app:mergeReleaseGeneratedProguardFiles
> Task :app:processReleaseJavaRes
> Task :app:generateReleaseLintVitalReportModel
> Task :app:mergeReleaseJavaResource
> Task :app:expandReleaseArtProfileWildcards
> Task :app:lintVitalAnalyzeRelease
> Task :app:lintVitalReportRelease
> Task :app:lintVitalRelease
> Task :app:minifyReleaseWithR8
> Task :app:buildReleasePreBundle
> Task :app:compileReleaseArtProfile
> Task :app:packageReleaseBundle
> Task :app:shrinkReleaseRes
> Task :app:convertReleaseProtoResources
> Task :app:optimizeReleaseResources
> Task :app:shrinkBundleReleaseResources
> Task :app:packageRelease
> Task :app:createReleaseApkListingFileRedirect
> Task :app:assembleRelease
> Task :app:signReleaseBundle
> Task :app:produceReleaseBundleIdeListingFile
> Task :app:createReleaseBundleListingFileRedirect
> Task :app:bundleRelease
gradle/actions: Writing build results to /home/runner/work/_temp/.gradle-actions/build-results/__run_5-1784523420905.json

BUILD SUCCESSFUL in 1m 40s
62 actionable tasks: 61 executed, 1 up-to-date
== SIZE REPORT ==
-rw-r--r-- 1 runner runner 114114856 Jul 20 04:55 app/src/main/jniLibs/arm64-v8a/libstockfish.so
-rw-r--r-- 1 runner runner 91083467 Jul 20 04:56 app/build/outputs/apk/debug/app-debug.apk
-rw-r--r-- 1 runner runner 78470355 Jul 20 04:58 app/build/outputs/apk/release/app-release.apk
-rw-r--r-- 1 runner runner 80295244 Jul 20 04:58 app/build/outputs/bundle/release/app-release.aab
== RELEASE SIGNER ==
V2 Signer: certificate DN: CN=Gambit Chess, OU=Mobile, O=Gambit
V2 Signer: certificate SHA-256 digest: 36c4673f15db42f2817cc347d8267555bd3ad1cc9625fbd2b6f65423642fbe1c
V2 Signer: certificate SHA-1 digest: 9afa740e09c85998a7ecdbe598ea90ae76bb75a4
V2 Signer: certificate MD5 digest: 99164d239b00a9f8e0b533305f51bf72
