=== STEP 1: install emulator + system image ===
yes: standard output: Broken pipe
sdkmanager exit=1
=== STEP 2: create AVD ===
Loading local repository...                                                     [=========                              ] 25% Loading local repository...       [=========                              ] 25% Fetch remote repository...        [=======================================] 100% Fetch remote repository...       
Auto-selecting single ABI x86_64
avd dir contents:
total 16
drwxr-xr-x 3 runner runner 4096 Jul 20 04:56 .
drwxr-xr-x 3 runner runner 4096 Jul 20 04:55 ..
drwxr-xr-x 2 runner runner 4096 Jul 20 04:56 ci.avd
-rw-r--r-- 1 runner runner   79 Jul 20 04:56 ci.ini
=== STEP 3: boot emulator (output -> emu.log) ===
* daemon not running; starting now at tcp:5037
* daemon started successfully
BOOT-COMPLETED after ~15s
--- first 15 lines of emu.log ---
INFO         | Android emulator version 36.6.11.0 (build_id 15507667) (CL:N/A)
INFO         | Graphics backend: gfxstream
INFO         | Found systemPath /usr/local/lib/android/sdk/system-images/android-29/default/x86_64/
INFO         | Saving last run QEMU version for the AVD to 2
INFO         | Increasing RAM size to 2048MB
##############################################################################
##                        WARNING - ACTION REQUIRED                         ##
##  Consider using the '-metrics-collection' flag to help improve the       ##
##  emulator by sending anonymized usage data. Or use the '-no-metrics'     ##
##  flag to bypass this warning and turn off the metrics collection.        ##
##  In a future release this warning will turn into a one-time blocking     ##
##  prompt to ask for explicit user input regarding metrics collection.     ##
##                                                                          ##
##  Please see '-help-metrics-collection' for more details. You can use     ##
##  '-metrics-to-file' or '-metrics-to-console' flags to see what type of   ##
List of devices attached
emulator-5554	device

=== STEP 4: connectedDebugAndroidTest ===
Starting a Gradle Daemon (subsequent builds will be faster)
> Task :app:checkKotlinGradlePluginConfigurationErrors SKIPPED
> Task :app:preBuild UP-TO-DATE
> Task :app:preDebugBuild UP-TO-DATE
> Task :app:generateDebugBuildConfig
> Task :app:generateDebugResValues
> Task :app:checkDebugAarMetadata
> Task :app:mapDebugSourceSetPaths
> Task :app:generateDebugResources
> Task :app:packageDebugResources
> Task :app:createDebugCompatibleScreenManifests
> Task :app:extractDeepLinksDebug
> Task :app:parseDebugLocalResources
> Task :app:mergeDebugResources
> Task :app:processDebugMainManifest
> Task :app:processDebugManifest
> Task :app:preDebugAndroidTestBuild SKIPPED
> Task :app:javaPreCompileDebug
> Task :app:processDebugAndroidTestManifest
> Task :app:generateDebugAndroidTestBuildConfig
> Task :app:checkDebugAndroidTestAarMetadata
> Task :app:generateDebugAndroidTestResValues
> Task :app:mapDebugAndroidTestSourceSetPaths
> Task :app:generateDebugAndroidTestResources
> Task :app:processDebugManifestForPackage
> Task :app:javaPreCompileDebugAndroidTest
> Task :app:mergeDebugAndroidTestResources
> Task :app:mergeDebugShaders
> Task :app:compileDebugShaders NO-SOURCE
> Task :app:generateDebugAssets UP-TO-DATE
> Task :app:mergeDebugAssets
> Task :app:compressDebugAssets
> Task :app:desugarDebugFileDependencies
> Task :app:processDebugAndroidTestResources
> Task :app:checkDebugDuplicateClasses
> Task :app:processDebugResources
> Task :app:mergeDebugJniLibFolders
> Task :app:mergeLibDexDebug
> Task :app:validateSigningDebug
> Task :app:writeDebugAppMetadata
> Task :app:writeDebugSigningConfigVersions
> Task :app:mergeDebugAndroidTestShaders
> Task :app:compileDebugAndroidTestShaders NO-SOURCE
> Task :app:generateDebugAndroidTestAssets UP-TO-DATE
> Task :app:mergeDebugAndroidTestAssets
> Task :app:compressDebugAndroidTestAssets
> Task :app:desugarDebugAndroidTestFileDependencies
> Task :app:checkDebugAndroidTestDuplicateClasses
> Task :app:mergeDebugNativeLibs
> Task :app:mergeExtDexDebugAndroidTest

> Task :app:kspDebugKotlin
e: The daemon has terminated unexpectedly on startup attempt #1 with error code: 0. The daemon process output:
    1. Kotlin compile daemon is ready

> Task :app:mergeLibDexDebugAndroidTest

> Task :app:stripDebugDebugSymbols
Unable to strip the following libraries, packaging them as they are: libandroidx.graphics.path.so, libdatastore_shared_counter.so, libstockfish.so.

> Task :app:mergeDebugAndroidTestJniLibFolders
> Task :app:mergeDebugAndroidTestNativeLibs NO-SOURCE
> Task :app:stripDebugAndroidTestDebugSymbols NO-SOURCE
> Task :app:validateSigningDebugAndroidTest
> Task :app:writeDebugAndroidTestSigningConfigVersions
> Task :app:mergeExtDexDebug
> Task :app:compileDebugKotlin
> Task :app:compileDebugJavaWithJavac
> Task :app:bundleDebugClassesToCompileJar
> Task :app:dexBuilderDebug
> Task :app:mergeDebugGlobalSynthetics
> Task :app:processDebugJavaRes
> Task :app:mergeProjectDexDebug
> Task :app:kspDebugAndroidTestKotlin
> Task :app:mergeDebugJavaResource
> Task :app:compileDebugAndroidTestKotlin
> Task :app:compileDebugAndroidTestJavaWithJavac
> Task :app:dexBuilderDebugAndroidTest
> Task :app:mergeDebugAndroidTestGlobalSynthetics
> Task :app:processDebugAndroidTestJavaRes
> Task :app:mergeProjectDexDebugAndroidTest
> Task :app:mergeDebugAndroidTestJavaResource
> Task :app:packageDebugAndroidTest
> Task :app:createDebugAndroidTestApkListingFileRedirect
> Task :app:packageDebug
> Task :app:createDebugApkListingFileRedirect
[EmulatorConsole]: Failed to start Emulator console for 5554

> Task :app:connectedDebugAndroidTest
Starting 47 tests on emulator-5554 - 10

emulator-5554 - 10 Tests 4/47 completed. (0 skipped) (0 failed)
emulator-5554 - 10 Tests 6/47 completed. (0 skipped) (0 failed)
emulator-5554 - 10 Tests 8/47 completed. (0 skipped) (0 failed)
emulator-5554 - 10 Tests 11/47 completed. (0 skipped) (0 failed)
emulator-5554 - 10 Tests 13/47 completed. (0 skipped) (0 failed)
emulator-5554 - 10 Tests 16/47 completed. (0 skipped) (0 failed)
emulator-5554 - 10 Tests 19/47 completed. (0 skipped) (0 failed)
emulator-5554 - 10 Tests 21/47 completed. (0 skipped) (0 failed)
emulator-5554 - 10 Tests 25/47 completed. (0 skipped) (0 failed)
emulator-5554 - 10 Tests 26/47 completed. (0 skipped) (0 failed)
emulator-5554 - 10 Tests 30/47 completed. (0 skipped) (0 failed)
emulator-5554 - 10 Tests 34/47 completed. (0 skipped) (0 failed)
emulator-5554 - 10 Tests 37/47 completed. (0 skipped) (0 failed)
emulator-5554 - 10 Tests 41/47 completed. (0 skipped) (0 failed)
Finished 47 tests on emulator-5554 - 10
gradle/actions: Writing build results to /home/runner/work/_temp/.gradle-actions/build-results/__run_3-1784523390949.json

BUILD SUCCESSFUL in 4m 32s
69 actionable tasks: 69 executed
GRADLE_EXIT=0
=== RELEASE CRASH GATE ===

BUILD SUCCESSFUL in 1m 44s
53 actionable tasks: 53 executed
Failure [DELETE_FAILED_INTERNAL_ERROR]
Performing Streamed Install
Success
install exit=0
Starting: Intent { cmp=io.github.emersionplay.chess/com.chessapp.MainActivity }
Status: ok
LaunchState: COLD
Activity: io.github.emersionplay.chess/com.chessapp.MainActivity
TotalTime: 1171
WaitTime: 1172
Complete
pid=[4564]
fatals=0
Release launch: ALIVE, no fatals
GATE_EXIT=0
